Microchip MPLAB XC8 Compiler V2.32

Linker command line:

-W-3 --edf=C:\Program Files\Microchip\xc8\v2.32\pic\dat\en_msgs.txt -cn \
  -h+dist/default/production\TESTE.X.production.sym \
  --cmf=dist/default/production\TESTE.X.production.cmf -z -Q16F18875 \
  -oC:\Users\str\AppData\Local\Temp\xcAs21k.4 --defsym=__MPLAB_BUILD=1 \
  -Mdist/default/production/TESTE.X.production.map -E1 -ver=XC8 Compiler \
  --acfsm=1493 -ASTACK=020C0h-023EFh -pstack=STACK -ACODE=00h-07FFhx4 \
  -ASTRCODE=00h-01FFFh -ASTRING=00h-0FFhx32 -ACONST=00h-0FFhx32 \
  -AENTRY=00h-0FFhx32 -ACOMMON=070h-07Fh -ABANK0=020h-06Fh \
  -ABANK1=0A0h-0EFh -ABANK2=0120h-016Fh -ABANK3=01A0h-01EFh \
  -ABANK4=0220h-026Fh -ABANK5=02A0h-02EFh -ABANK6=0320h-036Fh \
  -ABANK7=03A0h-03EFh -ABANK8=0420h-046Fh -ABANK9=04A0h-04EFh \
  -ABANK10=0520h-056Fh -ABANK11=05A0h-05EFh -ABANK12=0620h-064Fh \
  -ABIGRAM=02000h-023EFh \
  -ARAM=020h-06Fh,0A0h-0EFh,0120h-016Fh,01A0h-01EFh,0220h-026Fh,02A0h-02EFh,0320h-036Fh,03A0h-03EFh,0420h-046Fh,04A0h-04EFh,0520h-056Fh,05A0h-05EFh,0620h-064Fh \
  -AABS1=020h-07Fh,0A0h-0EFh,0120h-016Fh,01A0h-01EFh,0220h-026Fh,02A0h-02EFh,0320h-036Fh,03A0h-03EFh,0420h-046Fh,04A0h-04EFh,0520h-056Fh,05A0h-05EFh,0620h-064Fh \
  -ASFR0=00h-01Fh -ASFR1=080h-09Fh -ASFR2=0100h-011Fh -ASFR3=0180h-019Fh \
  -ASFR4=0200h-021Fh -ASFR5=0280h-029Fh -ASFR6=0300h-031Fh \
  -ASFR7=0380h-039Fh -ASFR8=0400h-041Fh -ASFR9=0480h-049Fh \
  -ASFR10=0500h-051Fh -ASFR11=0580h-059Fh -ASFR12=0600h-061Fh \
  -ASFR13=0680h-06EFh -ASFR14=0700h-076Fh -ASFR15=0780h-07EFh \
  -ASFR16=0800h-086Fh -ASFR17=0880h-08EFh -ASFR18=0900h-096Fh \
  -ASFR19=0980h-09EFh -ASFR20=0A00h-0A6Fh -ASFR21=0A80h-0AEFh \
  -ASFR22=0B00h-0B6Fh -ASFR23=0B80h-0BEFh -ASFR24=0C00h-0C6Fh \
  -ASFR25=0C80h-0CEFh -ASFR26=0D00h-0D6Fh -ASFR27=0D80h-0DEFh \
  -ASFR28=0E00h-0E6Fh -ASFR29=0E80h-0EEFh -ASFR30=0F00h-0F6Fh \
  -ASFR31=0F80h-0FEFh -ACONFIG=08007h-0800Bh -DCONFIG=2 \
  -AIDLOC=08000h-08003h -DIDLOC=2 -AEEDATA=00h-0FFh/0F000h \
  -peeprom_data=EEDATA -DEEDATA=2 -DCODE=2 -DSTRCODE=2 -DSTRING=2 -DCONST=2 \
  -DENTRY=2 -preset_vec=00h,intentry=04h,init,end_init -ppowerup=CODE \
  -pcinit=CODE -pfunctab=ENTRY -k C:\Users\str\AppData\Local\Temp\xcAs21k.o \
  dist/default/production\TESTE.X.production.o 

Object code version is 3.11

Machine type is 16F18875



                Name                               Link     Load   Length Selector   Space Scale
C:\Users\str\AppData\Local\Temp\xcAs21k.o
                end_init                             18       18        2        8       0
                reset_vec                             0        0        2        0       0
                config                             8007     8007        5        0       4
dist/default/production\TESTE.X.production.o
                cinit                                1A       1A       18        8       0
                intentry                              4        4       14        8       0
                config                             8007     8007        5        0       4
                text45                              9DC      9DC       12     13B8       0
                text44                              B44      B44       28     1688       0
                text43                              7FF      7FF        1        8       0
                text42                              9A3      9A3        D     1346       0
                text41                              9CB      9CB       11     1396       0
                text40                              9BD      9BD        E     137A       0
                text38                              A9F      A9F       1F     153E       0
                text37                              D03      D03       5A     1A06       0
                text36                              1D0      1D0      18B        8       0
                text35                              9EE      9EE       13     13DC       0
                text34                              C5A      C5A       53     18B4       0
                text33                              714      714       D7        8       0
                text32                              D5D      D5D       83     1ABA       0
                text31                              963      963        8     12C6       0
                text30                              A67      A67       1C     14CE       0
                text29                              973      973        9     12E6       0
                text28                              A31      A31       1B     1462       0
                text27                              9B0      9B0        D     1360       0
                text26                              998      998        B     1330       0
                text25                              A01      A01       17     1402       0
                text24                              98E      98E        A     131C       0
                text23                              97C      97C        9     12F8       0
                text22                              BC4      BC4       45     1788       0
                text21                              96B      96B        8     12D6       0
                text20                              985      985        9     130A       0
                text19                              ADE      ADE       21     15BC       0
                text18                              7EB      7EB       13        8       0
                text17                              4BF      4BF      150        8       0
                text16                              ABE      ABE       20     157C       0
                text15                              A18      A18       19     1430       0
                text14                              AFF      AFF       22     15FE       0
                text13                              E64      E64       AF     1CC8       0
                text12                              60F      60F      105        8       0
                text11                              F13      F13       ED     1E26       0
                text10                              A83      A83       1C     1506       0
                text9                               7FE      7FE        1        8       0
                text8                               C09      C09       51     1812       0
                text7                               B6C      B6C       29     16D8       0
                text6                               A4C      A4C       1B     1498       0
                text5                               CAD      CAD       56     195A       0
                text4                               35B      35B      164        8       0
                text3                                32       32      19E        8       0
                text2                               B95      B95       2F     172A       0
                text1                               B21      B21       23     1642       0
                maintext                            DE0      DE0       84     1BC0       0
                cstackBANK0                          20       20       50       20       1
                cstackCOMMON                         70       70        5       70       1
                cstackBANK1                          A0       A0       26       A0       1
                clrtext                             95D      95D        6     12BA       0
                bssBANK2                            120      120       20      120       1
                bssBANK1                             C6       C6       21       A0       1
                bssCOMMON                            75       75        4       70       1
                stringtext4                        102F     102F        5     2000       0
                stringtext3                        1028     1028        7     2000       0
                stringtext2                        1020     1020        8     2000       0
                nvBANK1                              E7       E7        4       A0       1
                stringtext1                        1000     1000       20     2000       0

TOTAL           Name                               Link     Load   Length     Space
        CLASS   STACK          

        CLASS   CODE           
                end_init                             18       18        2         0
                cinit                                1A       1A       18         0
                intentry                              4        4       14         0
                reset_vec                             0        0        2         0
                text45                              9DC      9DC       12         0
                text44                              B44      B44       28         0
                text43                              7FF      7FF        1         0
                text42                              9A3      9A3        D         0
                text41                              9CB      9CB       11         0
                text40                              9BD      9BD        E         0
                text38                              A9F      A9F       1F         0
                text37                              D03      D03       5A         0
                text36                              1D0      1D0      18B         0
                text35                              9EE      9EE       13         0
                text34                              C5A      C5A       53         0
                text33                              714      714       D7         0
                text32                              D5D      D5D       83         0
                text31                              963      963        8         0
                text30                              A67      A67       1C         0
                text29                              973      973        9         0
                text28                              A31      A31       1B         0
                text27                              9B0      9B0        D         0
                text26                              998      998        B         0
                text25                              A01      A01       17         0
                text24                              98E      98E        A         0
                text23                              97C      97C        9         0
                text22                              BC4      BC4       45         0
                text21                              96B      96B        8         0
                text20                              985      985        9         0
                text19                              ADE      ADE       21         0
                text18                              7EB      7EB       13         0
                text17                              4BF      4BF      150         0
                text16                              ABE      ABE       20         0
                text15                              A18      A18       19         0
                text14                              AFF      AFF       22         0
                text13                              E64      E64       AF         0
                text12                              60F      60F      105         0
                text11                              F13      F13       ED         0
                text10                              A83      A83       1C         0
                text9                               7FE      7FE        1         0
                text8                               C09      C09       51         0
                text7                               B6C      B6C       29         0
                text6                               A4C      A4C       1B         0
                text5                               CAD      CAD       56         0
                text4                               35B      35B      164         0
                text3                                32       32      19E         0
                text2                               B95      B95       2F         0
                text1                               B21      B21       23         0
                maintext                            DE0      DE0       84         0
                clrtext                             95D      95D        6         0

        CLASS   STRCODE        
                stringtext4                        102F     102F        5         0
                stringtext3                        1028     1028        7         0
                stringtext2                        1020     1020        8         0
                stringtext1                        1000     1000       20         0

        CLASS   STRING         

        CLASS   CONST          

        CLASS   ENTRY          

        CLASS   COMMON         
                cstackCOMMON                         70       70        5         1
                bssCOMMON                            75       75        4         1

        CLASS   BANK0          
                cstackBANK0                          20       20       50         1

        CLASS   BANK1          
                cstackBANK1                          A0       A0       26         1
                bssBANK1                             C6       C6       21         1
                nvBANK1                              E7       E7        4         1

        CLASS   BANK2          
                bssBANK2                            120      120       20         1

        CLASS   BANK3          

        CLASS   BANK4          

        CLASS   BANK5          

        CLASS   BANK6          

        CLASS   BANK7          

        CLASS   BANK8          

        CLASS   BANK9          

        CLASS   BANK10         

        CLASS   BANK11         

        CLASS   BANK12         

        CLASS   BIGRAM         

        CLASS   RAM            

        CLASS   ABS1           
                abs_s1                               7E       7E        2         1

        CLASS   SFR0           

        CLASS   SFR1           

        CLASS   SFR2           

        CLASS   SFR3           

        CLASS   SFR4           

        CLASS   SFR5           

        CLASS   SFR6           

        CLASS   SFR7           

        CLASS   SFR8           

        CLASS   SFR9           

        CLASS   SFR10          

        CLASS   SFR11          

        CLASS   SFR12          

        CLASS   SFR13          

        CLASS   SFR14          

        CLASS   SFR15          

        CLASS   SFR16          

        CLASS   SFR17          

        CLASS   SFR18          

        CLASS   SFR19          

        CLASS   SFR20          

        CLASS   SFR21          

        CLASS   SFR22          

        CLASS   SFR23          

        CLASS   SFR24          

        CLASS   SFR25          

        CLASS   SFR26          

        CLASS   SFR27          

        CLASS   SFR28          

        CLASS   SFR29          

        CLASS   SFR30          

        CLASS   SFR31          

        CLASS   CONFIG         
                config                             8007     8007        5         4

        CLASS   IDLOC          

        CLASS   EEDATA         

        CLASS   BANK31         

        CLASS   BANK30         

        CLASS   BANK29         

        CLASS   BANK28         

        CLASS   BANK27         

        CLASS   BANK26         

        CLASS   BANK25         

        CLASS   BANK24         

        CLASS   BANK23         

        CLASS   BANK22         

        CLASS   BANK21         

        CLASS   BANK20         

        CLASS   BANK19         

        CLASS   BANK18         

        CLASS   BANK17         

        CLASS   BANK16         

        CLASS   BANK15         

        CLASS   BANK14         

        CLASS   BANK13         



SEGMENTS        Name                           Load    Length   Top    Selector   Space  Class     Delta

                reset_vec                      000000  000002  000002         0       0  CODE        2
                intentry                       000004  0007FC  000800         8       0  CODE        2
                cstackBANK0                    000020  000050  000070        20       1  BANK0       1
                cstackCOMMON                   000070  000009  000079        70       1  COMMON      1
                cstackBANK1                    0000A0  00004B  0000EB        A0       1  BANK1       1
                bssBANK2                       000120  000020  000140       120       1  BANK2       1
                clrtext                        00095D  000006  000963      12BA       0  CODE        2
                text31                         000963  000008  00096B      12C6       0  CODE        2
                text21                         00096B  000008  000973      12D6       0  CODE        2
                text29                         000973  000009  00097C      12E6       0  CODE        2
                text23                         00097C  000009  000985      12F8       0  CODE        2
                text20                         000985  000009  00098E      130A       0  CODE        2
                text24                         00098E  00000A  000998      131C       0  CODE        2
                text26                         000998  00000B  0009A3      1330       0  CODE        2
                text42                         0009A3  00000D  0009B0      1346       0  CODE        2
                text27                         0009B0  00000D  0009BD      1360       0  CODE        2
                text40                         0009BD  00000E  0009CB      137A       0  CODE        2
                text41                         0009CB  000011  0009DC      1396       0  CODE        2
                text45                         0009DC  000012  0009EE      13B8       0  CODE        2
                text35                         0009EE  000013  000A01      13DC       0  CODE        2
                text25                         000A01  000017  000A18      1402       0  CODE        2
                text15                         000A18  000019  000A31      1430       0  CODE        2
                text28                         000A31  00001B  000A4C      1462       0  CODE        2
                text6                          000A4C  00001B  000A67      1498       0  CODE        2
                text30                         000A67  00001C  000A83      14CE       0  CODE        2
                text10                         000A83  00001C  000A9F      1506       0  CODE        2
                text38                         000A9F  00001F  000ABE      153E       0  CODE        2
                text16                         000ABE  000020  000ADE      157C       0  CODE        2
                text19                         000ADE  000021  000AFF      15BC       0  CODE        2
                text14                         000AFF  000022  000B21      15FE       0  CODE        2
                text1                          000B21  000023  000B44      1642       0  CODE        2
                text44                         000B44  000028  000B6C      1688       0  CODE        2
                text7                          000B6C  000029  000B95      16D8       0  CODE        2
                text2                          000B95  00002F  000BC4      172A       0  CODE        2
                text22                         000BC4  000045  000C09      1788       0  CODE        2
                text8                          000C09  000051  000C5A      1812       0  CODE        2
                text34                         000C5A  000053  000CAD      18B4       0  CODE        2
                text5                          000CAD  000056  000D03      195A       0  CODE        2
                text37                         000D03  00005A  000D5D      1A06       0  CODE        2
                text32                         000D5D  000083  000DE0      1ABA       0  CODE        2
                maintext                       000DE0  000084  000E64      1BC0       0  CODE        2
                text13                         000E64  0000AF  000F13      1CC8       0  CODE        2
                text11                         000F13  0000ED  001000      1E26       0  CODE        2
                stringtext1                    001000  000034  001034      2000       0  STRCODE     2


UNUSED ADDRESS RANGES

        Name                Unused          Largest block    Delta
        BANK1            000EB-000EF               5           1
        BANK10           00520-0056F              50           1
        BANK11           005A0-005EF              50           1
        BANK12           00620-0064F              30           1
        BANK2            00140-0016F              30           1
        BANK3            001A0-001EF              50           1
        BANK4            00220-0026F              50           1
        BANK5            002A0-002EF              50           1
        BANK6            00320-0036F              50           1
        BANK7            003A0-003EF              50           1
        BANK8            00420-0046F              50           1
        BANK9            004A0-004EF              50           1
        BIGRAM           02000-023EF             3F0           1
        CODE             00002-00003               2           2
                         00800-0095C             15D
                         01034-01FFF             7CC
        COMMON           00079-0007D               5           1
        CONST            00002-00003               2           2
                         00800-0095C             100
                         01034-01FFF             100
        EEDATA           0F000-0F0FF             100           2
        ENTRY            00002-00003               2           2
                         00800-0095C             100
                         01034-01FFF             100
        IDLOC            08000-08003               4           2
        RAM              000EB-000EF               5           1
                         00140-0016F              30
                         001A0-001EF              50
                         00220-0026F              50
                         002A0-002EF              50
                         00320-0036F              50
                         003A0-003EF              50
                         00420-0046F              50
                         004A0-004EF              50
                         00520-0056F              50
                         005A0-005EF              50
                         00620-0064F              30
        SFR0             00000-0001F              20           1
        SFR1             00080-0009F              20           1
        SFR10            00500-0051F              20           1
        SFR11            00580-0059F              20           1
        SFR12            00600-0061F              20           1
        SFR13            00680-006EF              70           1
        SFR14            00700-0076F              70           1
        SFR15            00780-007EF              70           1
        SFR16            00800-0086F              70           1
        SFR17            00880-008EF              70           1
        SFR18            00900-0096F              70           1
        SFR19            00980-009EF              70           1
        SFR2             00100-0011F              20           1
        SFR20            00A00-00A6F              70           1
        SFR21            00A80-00AEF              70           1
        SFR22            00B00-00B6F              70           1
        SFR23            00B80-00BEF              70           1
        SFR24            00C00-00C6F              70           1
        SFR25            00C80-00CEF              70           1
        SFR26            00D00-00D6F              70           1
        SFR27            00D80-00DEF              70           1
        SFR28            00E00-00E6F              70           1
        SFR29            00E80-00EEF              70           1
        SFR3             00180-0019F              20           1
        SFR30            00F00-00F6F              70           1
        SFR31            00F80-00FEF              70           1
        SFR4             00200-0021F              20           1
        SFR5             00280-0029F              20           1
        SFR6             00300-0031F              20           1
        SFR7             00380-0039F              20           1
        SFR8             00400-0041F              20           1
        SFR9             00480-0049F              20           1
        STACK            020C0-023EF             330           1
        STRCODE          00002-00003               2           2
                         00800-0095C             15D
                         01034-01FFF             FCC
        STRING           00002-00003               2           2
                         00800-0095C             100
                         01034-01FFF             100

                                  Symbol Table

?_ADCC_GetSingleConversion                cstackCOMMON 00070
?_LCDbusy                                 cstackBANK0  00027
?___aodiv                                 cstackBANK0  00020
?___aomod                                 cstackBANK0  00020
?___wmul                                  cstackBANK0  00020
?_abs                                     cstackBANK0  00033
?_atoi                                    cstackBANK0  00026
?_dtoa                                    cstackBANK0  0003B
?_isdigit                                 cstackBANK0  00020
?_isspace                                 cstackBANK0  00020
?_pad                                     cstackBANK0  00030
?_sprintf                                 cstackBANK1  000A6
?_strlen                                  cstackBANK0  00020
?_vfpfcnvrt                               cstackBANK0  00059
?_vfprintf                                cstackBANK1  000A0
ADCC_GetSingleConversion@channel          cstackCOMMON 00072
LCDchar@c                                 cstackBANK0  00028
LCDcmd@c                                  cstackBANK0  00028
LCDpos@c                                  cstackBANK0  00029
LCDpos@l                                  cstackBANK0  0002B
LCDpos@p                                  cstackBANK0  0002C
LCDrecv@hc                                cstackBANK0  00024
LCDrecv@lc                                cstackBANK0  00025
LCDrecv@mode                              cstackBANK0  00026
LCDsend2x4@c                              cstackBANK0  00025
LCDsend2x4@hc                             cstackBANK0  00026
LCDsend2x4@lc                             cstackBANK0  00027
LCDsend2x4@mode                           cstackBANK0  00022
LCDsend@c                                 cstackBANK0  00023
LCDstr@c                                  cstackBANK0  0002E
LCDstr@p                                  cstackBANK0  00029
TMR1_SetInterruptHandler@InterruptHandler cstackBANK0  00020
TMR1_WriteTimer@timerVal                  cstackCOMMON 00070
WriteI2C@data_out                         cstackBANK0  00021
_ADACCH                                   (abs)        00091
_ADACCL                                   (abs)        00090
_ADACQ                                    (abs)        0009D
_ADACT                                    (abs)        00099
_ADCAP                                    (abs)        0009B
_ADCC_GetSingleConversion                 text45       009DC
_ADCC_Initialize                          text25       00A01
_ADCLK                                    (abs)        00098
_ADCNT                                    (abs)        0010C
_ADCON0                                   (abs)        00093
_ADCON0bits                               (abs)        00093
_ADCON1                                   (abs)        00094
_ADCON1bits                               (abs)        00094
_ADCON2                                   (abs)        00095
_ADCON2bits                               (abs)        00095
_ADCON3                                   (abs)        00096
_ADCON3bits                               (abs)        00096
_ADERRH                                   (abs)        00117
_ADERRL                                   (abs)        00116
_ADFLTRH                                  (abs)        00115
_ADFLTRL                                  (abs)        00114
_ADLTHH                                   (abs)        0010F
_ADLTHL                                   (abs)        0010E
_ADPCH                                    (abs)        0009E
_ADPRE                                    (abs)        0009C
_ADPREVH                                  (abs)        0008F
_ADPREVL                                  (abs)        0008E
_ADREF                                    (abs)        0009A
_ADRESH                                   (abs)        0008D
_ADRESL                                   (abs)        0008C
_ADRPT                                    (abs)        0010D
_ADSTAT                                   (abs)        00097
_ADSTATbits                               (abs)        00097
_ADSTPTH                                  (abs)        00113
_ADSTPTL                                  (abs)        00112
_ADUTHH                                   (abs)        00111
_ADUTHL                                   (abs)        00110
_ANSELA                                   (abs)        00F38
_ANSELB                                   (abs)        00F43
_ANSELC                                   (abs)        00F4E
_ANSELD                                   (abs)        00F59
_ANSELE                                   (abs)        00F64
_I2C1_CallbackReturnReset                 (abs)        00000
_I2C1_CallbackReturnStop                  (abs)        00000
_I2C1_DO_ADDRESS_NACK                     (abs)        00000
_I2C1_DO_IDLE                             (abs)        00000
_I2C1_DO_RCEN                             (abs)        00000
_I2C1_DO_RESET                            (abs)        00000
_I2C1_DO_RX                               (abs)        00000
_I2C1_DO_RX_ACK                           (abs)        00000
_I2C1_DO_RX_NACK_RESTART                  (abs)        00000
_I2C1_DO_RX_NACK_STOP                     (abs)        00000
_I2C1_DO_SEND_ADR_READ                    (abs)        00000
_I2C1_DO_SEND_ADR_WRITE                   (abs)        00000
_I2C1_DO_SEND_RESTART                     (abs)        00000
_I2C1_DO_SEND_RESTART_READ                (abs)        00000
_I2C1_DO_SEND_RESTART_WRITE               (abs)        00000
_I2C1_DO_SEND_STOP                        (abs)        00000
_I2C1_DO_TX                               (abs)        00000
_I2C1_DO_TX_EMPTY                         (abs)        00000
_I2C1_Initialize                          text24       0098E
_I2C1_Status                              bssBANK1     000C6
_INLVLA                                   (abs)        00F3C
_INLVLB                                   (abs)        00F47
_INLVLC                                   (abs)        00F52
_INLVLD                                   (abs)        00F5D
_INLVLE                                   (abs)        00F68
_INTCONbits                               (abs)        0000B
_INTERRUPT_InterruptManager               intentry     00004
_LATA                                     (abs)        00016
_LATAbits                                 (abs)        00016
_LATB                                     (abs)        00017
_LATC                                     (abs)        00018
_LATD                                     (abs)        00019
_LATE                                     (abs)        0001A
_LCDbusy                                  text35       009EE
_LCDchar                                  text29       00973
_LCDcmd                                   text31       00963
_LCDinit                                  text32       00D5D
_LCDpos                                   text30       00A67
_LCDrecv                                  text36       001D0
_LCDsend                                  text34       00C5A
_LCDsend2x4                               text33       00714
_LCDstr                                   text28       00A31
_NVMADRH                                  (abs)        0081B
_NVMADRL                                  (abs)        0081A
_NVMCON1bits                              (abs)        0081E
_NVMCON2                                  (abs)        0081F
_NVMDATH                                  (abs)        0081D
_NVMDATL                                  (abs)        0081C
_ODCONA                                   (abs)        00F3A
_ODCONB                                   (abs)        00F45
_ODCONC                                   (abs)        00F50
_ODCOND                                   (abs)        00F5B
_ODCONE                                   (abs)        00F66
_OSCCON1                                  (abs)        0088D
_OSCCON3                                  (abs)        0088F
_OSCEN                                    (abs)        00891
_OSCFRQ                                   (abs)        00893
_OSCILLATOR_Initialize                    text23       0097C
_OSCTUNE                                  (abs)        00892
_OpenI2C                                  text27       009B0
_PIE3bits                                 (abs)        00719
_PIE4bits                                 (abs)        0071A
_PIN_MANAGER_Initialize                   text22       00BC4
_PIR3bits                                 (abs)        0070F
_PIR4bits                                 (abs)        00710
_PMD0                                     (abs)        00796
_PMD1                                     (abs)        00797
_PMD2                                     (abs)        00798
_PMD3                                     (abs)        00799
_PMD4                                     (abs)        0079A
_PMD5                                     (abs)        0079B
_PMD_Initialize                           text21       0096B
_PORTAbits                                (abs)        0000C
_PORTBbits                                (abs)        0000D
_RC3PPS                                   (abs)        00F23
_RC4PPS                                   (abs)        00F24
_ReadI2C                                  text38       00A9F
_S1                                       text26       00998
_SLRCONA                                  (abs)        00F3B
_SLRCONB                                  (abs)        00F46
_SLRCONC                                  (abs)        00F51
_SLRCOND                                  (abs)        00F5C
_SLRCONE                                  (abs)        00F67
_SSP1ADD                                  (abs)        0018D
_SSP1BUF                                  (abs)        0018C
_SSP1CLKPPS                               (abs)        00EC5
_SSP1CON1                                 (abs)        00190
_SSP1CON1bits                             (abs)        00190
_SSP1CON2                                 (abs)        00191
_SSP1CON2bits                             (abs)        00191
_SSP1DATPPS                               (abs)        00EC6
_SSP1STAT                                 (abs)        0018F
_SSP1STATbits                             (abs)        0018F
_SYSTEM_Initialize                        text18       007EB
_T1CLK                                    (abs)        00211
_T1CON                                    (abs)        0020E
_T1CONbits                                (abs)        0020E
_T1GATE                                   (abs)        00210
_T1GCON                                   (abs)        0020F
_T1GCONbits                               (abs)        0020F
_TMR1H                                    (abs)        0020D
_TMR1L                                    (abs)        0020C
_TMR1_CallBack                            text42       009A3
_TMR1_DefaultInterruptHandler             text43       007FF
_TMR1_ISR                                 text40       009BD
_TMR1_Initialize                          text19       00ADE
_TMR1_InterruptHandler                    nvBANK1      000E7
_TMR1_SetInterruptHandler                 text20       00985
_TMR1_WriteTimer                          text41       009CB
_TRISA                                    (abs)        00011
_TRISB                                    (abs)        00012
_TRISC                                    (abs)        00013
_TRISCbits                                (abs)        00013
_TRISD                                    (abs)        00014
_TRISE                                    (abs)        00015
_WPUA                                     (abs)        00F39
_WPUB                                     (abs)        00F44
_WPUC                                     (abs)        00F4F
_WPUD                                     (abs)        00F5A
_WPUE                                     (abs)        00F65
_WriteI2C                                 text37       00D03
__Habs1                                   abs1         00000
__Hbank0                                  bank0        00000
__Hbank1                                  bank1        00000
__Hbank10                                 bank10       00000
__Hbank11                                 bank11       00000
__Hbank12                                 bank12       00000
__Hbank13                                 bank13       00000
__Hbank14                                 bank14       00000
__Hbank15                                 bank15       00000
__Hbank16                                 bank16       00000
__Hbank17                                 bank17       00000
__Hbank18                                 bank18       00000
__Hbank19                                 bank19       00000
__Hbank2                                  bank2        00000
__Hbank20                                 bank20       00000
__Hbank21                                 bank21       00000
__Hbank22                                 bank22       00000
__Hbank23                                 bank23       00000
__Hbank24                                 bank24       00000
__Hbank25                                 bank25       00000
__Hbank26                                 bank26       00000
__Hbank27                                 bank27       00000
__Hbank28                                 bank28       00000
__Hbank29                                 bank29       00000
__Hbank3                                  bank3        00000
__Hbank30                                 bank30       00000
__Hbank31                                 bank31       00000
__Hbank4                                  bank4        00000
__Hbank5                                  bank5        00000
__Hbank6                                  bank6        00000
__Hbank7                                  bank7        00000
__Hbank8                                  bank8        00000
__Hbank9                                  bank9        00000
__Hbigram                                 bigram       00000
__HbssBANK1                               bssBANK1     00000
__HbssBANK2                               bssBANK2     00000
__HbssCOMMON                              bssCOMMON    00000
__Hcinit                                  cinit        00032
__Hclrtext                                clrtext      00000
__Hcode                                   code         00000
__Hcommon                                 common       00000
__Hconfig                                 config       0800C
__HcstackBANK0                            cstackBANK0  00000
__HcstackBANK1                            cstackBANK1  00000
__HcstackCOMMON                           cstackCOMMON 00000
__Heeprom_data                            eeprom_data  00000
__Hend_init                               end_init     0001A
__Hfunctab                                functab      00000
__Hinit                                   init         00018
__Hintentry                               intentry     00018
__Hmaintext                               maintext     00000
__HnvBANK1                                nvBANK1      00000
__Hpowerup                                powerup      00000
__Hram                                    ram          00000
__Hreset_vec                              reset_vec    00002
__Hsfr0                                   sfr0         00000
__Hsfr1                                   sfr1         00000
__Hsfr10                                  sfr10        00000
__Hsfr11                                  sfr11        00000
__Hsfr12                                  sfr12        00000
__Hsfr13                                  sfr13        00000
__Hsfr14                                  sfr14        00000
__Hsfr15                                  sfr15        00000
__Hsfr16                                  sfr16        00000
__Hsfr17                                  sfr17        00000
__Hsfr18                                  sfr18        00000
__Hsfr19                                  sfr19        00000
__Hsfr2                                   sfr2         00000
__Hsfr20                                  sfr20        00000
__Hsfr21                                  sfr21        00000
__Hsfr22                                  sfr22        00000
__Hsfr23                                  sfr23        00000
__Hsfr24                                  sfr24        00000
__Hsfr25                                  sfr25        00000
__Hsfr26                                  sfr26        00000
__Hsfr27                                  sfr27        00000
__Hsfr28                                  sfr28        00000
__Hsfr29                                  sfr29        00000
__Hsfr3                                   sfr3         00000
__Hsfr30                                  sfr30        00000
__Hsfr31                                  sfr31        00000
__Hsfr4                                   sfr4         00000
__Hsfr5                                   sfr5         00000
__Hsfr6                                   sfr6         00000
__Hsfr7                                   sfr7         00000
__Hsfr8                                   sfr8         00000
__Hsfr9                                   sfr9         00000
__Hspace_0                                (abs)        01034
__Hspace_1                                (abs)        00140
__Hspace_2                                (abs)        00000
__Hspace_3                                (abs)        00000
__Hspace_4                                (abs)        10013
__Hstack                                  stack        00000
__Hstrings                                strings      00000
__Hstringtext1                            stringtext1  00000
__Hstringtext2                            stringtext2  00000
__Hstringtext3                            stringtext3  00000
__Hstringtext4                            stringtext4  00000
__Hstringtext5                            stringtext5  00000
__Htext                                   text         00000
__Labs1                                   abs1         00000
__Lbank0                                  bank0        00000
__Lbank1                                  bank1        00000
__Lbank10                                 bank10       00000
__Lbank11                                 bank11       00000
__Lbank12                                 bank12       00000
__Lbank13                                 bank13       00000
__Lbank14                                 bank14       00000
__Lbank15                                 bank15       00000
__Lbank16                                 bank16       00000
__Lbank17                                 bank17       00000
__Lbank18                                 bank18       00000
__Lbank19                                 bank19       00000
__Lbank2                                  bank2        00000
__Lbank20                                 bank20       00000
__Lbank21                                 bank21       00000
__Lbank22                                 bank22       00000
__Lbank23                                 bank23       00000
__Lbank24                                 bank24       00000
__Lbank25                                 bank25       00000
__Lbank26                                 bank26       00000
__Lbank27                                 bank27       00000
__Lbank28                                 bank28       00000
__Lbank29                                 bank29       00000
__Lbank3                                  bank3        00000
__Lbank30                                 bank30       00000
__Lbank31                                 bank31       00000
__Lbank4                                  bank4        00000
__Lbank5                                  bank5        00000
__Lbank6                                  bank6        00000
__Lbank7                                  bank7        00000
__Lbank8                                  bank8        00000
__Lbank9                                  bank9        00000
__Lbigram                                 bigram       00000
__LbssBANK1                               bssBANK1     00000
__LbssBANK2                               bssBANK2     00000
__LbssCOMMON                              bssCOMMON    00000
__Lcinit                                  cinit        0001A
__Lclrtext                                clrtext      00000
__Lcode                                   code         00000
__Lcommon                                 common       00000
__Lconfig                                 config       00000
__LcstackBANK0                            cstackBANK0  00000
__LcstackBANK1                            cstackBANK1  00000
__LcstackCOMMON                           cstackCOMMON 00000
__Leeprom_data                            eeprom_data  00000
__Lend_init                               end_init     00018
__Lfunctab                                functab      00000
__Linit                                   init         00018
__Lintentry                               intentry     00004
__Lmaintext                               maintext     00000
__LnvBANK1                                nvBANK1      00000
__Lpowerup                                powerup      00000
__Lram                                    ram          00000
__Lreset_vec                              reset_vec    00000
__Lsfr0                                   sfr0         00000
__Lsfr1                                   sfr1         00000
__Lsfr10                                  sfr10        00000
__Lsfr11                                  sfr11        00000
__Lsfr12                                  sfr12        00000
__Lsfr13                                  sfr13        00000
__Lsfr14                                  sfr14        00000
__Lsfr15                                  sfr15        00000
__Lsfr16                                  sfr16        00000
__Lsfr17                                  sfr17        00000
__Lsfr18                                  sfr18        00000
__Lsfr19                                  sfr19        00000
__Lsfr2                                   sfr2         00000
__Lsfr20                                  sfr20        00000
__Lsfr21                                  sfr21        00000
__Lsfr22                                  sfr22        00000
__Lsfr23                                  sfr23        00000
__Lsfr24                                  sfr24        00000
__Lsfr25                                  sfr25        00000
__Lsfr26                                  sfr26        00000
__Lsfr27                                  sfr27        00000
__Lsfr28                                  sfr28        00000
__Lsfr29                                  sfr29        00000
__Lsfr3                                   sfr3         00000
__Lsfr30                                  sfr30        00000
__Lsfr31                                  sfr31        00000
__Lsfr4                                   sfr4         00000
__Lsfr5                                   sfr5         00000
__Lsfr6                                   sfr6         00000
__Lsfr7                                   sfr7         00000
__Lsfr8                                   sfr8         00000
__Lsfr9                                   sfr9         00000
__Lspace_0                                (abs)        00000
__Lspace_1                                (abs)        00000
__Lspace_2                                (abs)        00000
__Lspace_3                                (abs)        00000
__Lspace_4                                (abs)        00000
__Lstack                                  stack        00000
__Lstrings                                strings      00000
__Lstringtext1                            stringtext1  00000
__Lstringtext2                            stringtext2  00000
__Lstringtext3                            stringtext3  00000
__Lstringtext4                            stringtext4  00000
__Lstringtext5                            stringtext5  00000
__Ltext                                   text         00000
__S0                                      (abs)        01034
__S1                                      (abs)        00140
__S2                                      (abs)        00000
__S3                                      (abs)        00000
___aodiv                                  text12       0060F
___aodiv@counter                          cstackBANK0  00031
___aodiv@dividend                         cstackBANK0  00028
___aodiv@divisor                          cstackBANK0  00020
___aodiv@quotient                         cstackBANK0  00033
___aodiv@sign                             cstackBANK0  00032
___aomod                                  text11       00F13
___aomod@counter                          cstackBANK0  00031
___aomod@dividend                         cstackBANK0  00028
___aomod@divisor                          cstackBANK0  00020
___aomod@sign                             cstackBANK0  00032
___int_sp                                 stack        00000
___latbits                                (abs)        00002
___sp                                     stack        00000
___stackhi                                (abs)        023EF
___stacklo                                (abs)        020C0
___wmul                                   text16       00ABE
___wmul@multiplicand                      cstackBANK0  00022
___wmul@multiplier                        cstackBANK0  00020
___wmul@product                           cstackBANK0  00024
__end_of_ADCC_GetSingleConversion         text45       009EE
__end_of_ADCC_Initialize                  text25       00A18
__end_of_I2C1_Initialize                  text24       00998
__end_of_INTERRUPT_InterruptManager       intentry     00018
__end_of_LCDbusy                          text35       00A01
__end_of_LCDchar                          text29       0097C
__end_of_LCDcmd                           text31       0096B
__end_of_LCDinit                          text32       00DE0
__end_of_LCDpos                           text30       00A83
__end_of_LCDrecv                          text36       0035B
__end_of_LCDsend                          text34       00CAD
__end_of_LCDsend2x4                       text33       007EB
__end_of_LCDstr                           text28       00A4C
__end_of_OSCILLATOR_Initialize            text23       00985
__end_of_OpenI2C                          text27       009BD
__end_of_PIN_MANAGER_Initialize           text22       00C09
__end_of_PMD_Initialize                   text21       00973
__end_of_ReadI2C                          text38       00ABE
__end_of_S1                               text26       009A3
__end_of_SYSTEM_Initialize                text18       007FE
__end_of_TMR1_CallBack                    text42       009B0
__end_of_TMR1_DefaultInterruptHandler     text43       00800
__end_of_TMR1_ISR                         text40       009CB
__end_of_TMR1_Initialize                  text19       00AFF
__end_of_TMR1_SetInterruptHandler         text20       0098E
__end_of_TMR1_WriteTimer                  text41       009DC
__end_of_WriteI2C                         text37       00D5D
__end_of___aodiv                          text12       00714
__end_of___aomod                          text11       01000
__end_of___wmul                           text16       00ADE
__end_of__initialization                  cinit        0002E
__end_of_abs                              text10       00A9F
__end_of_atoi                             text13       00F13
__end_of_dtoa                             text4        004BF
__end_of_fputc                            text8        00C5A
__end_of_fputs                            text7        00B95
__end_of_i2c1_fsmStateTable               stringtext1  01020
__end_of_isdigit                          text15       00A31
__end_of_isspace                          text14       00B21
__end_of_main                             maintext     00E64
__end_of_pad                              text5        00D03
__end_of_putch                            text9        007FF
__end_of_readTC74                         text17       0060F
__end_of_sprintf                          text1        00B44
__end_of_strlen                           text6        00A67
__end_of_timerInterrupt                   text44       00B6C
__end_of_vfpfcnvrt                        text3        001D0
__end_of_vfprintf                         text2        00BC4
__initialization                          cinit        0001A
__pbssBANK1                               bssBANK1     000C6
__pbssBANK2                               bssBANK2     00120
__pbssCOMMON                              bssCOMMON    00075
__pcstackBANK0                            cstackBANK0  00020
__pcstackBANK1                            cstackBANK1  000A0
__pcstackCOMMON                           cstackCOMMON 00070
__pintentry                               intentry     00004
__pmaintext                               maintext     00DE0
__pnvBANK1                                nvBANK1      000E7
__pstringtext1                            stringtext1  01000
__pstringtext2                            stringtext2  01020
__pstringtext3                            stringtext3  01028
__pstringtext4                            stringtext4  0102F
__pstringtext5                            stringtext5  00000
__ptext1                                  text1        00B21
__ptext10                                 text10       00A83
__ptext11                                 text11       00F13
__ptext12                                 text12       0060F
__ptext13                                 text13       00E64
__ptext14                                 text14       00AFF
__ptext15                                 text15       00A18
__ptext16                                 text16       00ABE
__ptext17                                 text17       004BF
__ptext18                                 text18       007EB
__ptext19                                 text19       00ADE
__ptext2                                  text2        00B95
__ptext20                                 text20       00985
__ptext21                                 text21       0096B
__ptext22                                 text22       00BC4
__ptext23                                 text23       0097C
__ptext24                                 text24       0098E
__ptext25                                 text25       00A01
__ptext26                                 text26       00998
__ptext27                                 text27       009B0
__ptext28                                 text28       00A31
__ptext29                                 text29       00973
__ptext3                                  text3        00032
__ptext30                                 text30       00A67
__ptext31                                 text31       00963
__ptext32                                 text32       00D5D
__ptext33                                 text33       00714
__ptext34                                 text34       00C5A
__ptext35                                 text35       009EE
__ptext36                                 text36       001D0
__ptext37                                 text37       00D03
__ptext38                                 text38       00A9F
__ptext4                                  text4        0035B
__ptext40                                 text40       009BD
__ptext41                                 text41       009CB
__ptext42                                 text42       009A3
__ptext43                                 text43       007FF
__ptext44                                 text44       00B44
__ptext45                                 text45       009DC
__ptext5                                  text5        00CAD
__ptext6                                  text6        00A4C
__ptext7                                  text7        00B6C
__ptext8                                  text8        00C09
__ptext9                                  text9        007FE
__size_of_ADCC_GetSingleConversion        (abs)        00000
__size_of_ADCC_Initialize                 (abs)        00000
__size_of_I2C1_Initialize                 (abs)        00000
__size_of_INTERRUPT_InterruptManager      (abs)        00000
__size_of_LCDbusy                         (abs)        00000
__size_of_LCDchar                         (abs)        00000
__size_of_LCDcmd                          (abs)        00000
__size_of_LCDinit                         (abs)        00000
__size_of_LCDpos                          (abs)        00000
__size_of_LCDrecv                         (abs)        00000
__size_of_LCDsend                         (abs)        00000
__size_of_LCDsend2x4                      (abs)        00000
__size_of_LCDstr                          (abs)        00000
__size_of_OSCILLATOR_Initialize           (abs)        00000
__size_of_OpenI2C                         (abs)        00000
__size_of_PIN_MANAGER_Initialize          (abs)        00000
__size_of_PMD_Initialize                  (abs)        00000
__size_of_ReadI2C                         (abs)        00000
__size_of_S1                              (abs)        00000
__size_of_SYSTEM_Initialize               (abs)        00000
__size_of_TMR1_CallBack                   (abs)        00000
__size_of_TMR1_DefaultInterruptHandler    (abs)        00000
__size_of_TMR1_ISR                        (abs)        00000
__size_of_TMR1_Initialize                 (abs)        00000
__size_of_TMR1_SetInterruptHandler        (abs)        00000
__size_of_TMR1_WriteTimer                 (abs)        00000
__size_of_WriteI2C                        (abs)        00000
__size_of___aodiv                         (abs)        00000
__size_of___aomod                         (abs)        00000
__size_of___wmul                          (abs)        00000
__size_of_abs                             (abs)        00000
__size_of_atoi                            (abs)        00000
__size_of_dtoa                            (abs)        00000
__size_of_fputc                           (abs)        00000
__size_of_fputs                           (abs)        00000
__size_of_isdigit                         (abs)        00000
__size_of_isspace                         (abs)        00000
__size_of_main                            (abs)        00000
__size_of_pad                             (abs)        00000
__size_of_putch                           (abs)        00000
__size_of_readTC74                        (abs)        00000
__size_of_sprintf                         (abs)        00000
__size_of_strlen                          (abs)        00000
__size_of_timerInterrupt                  (abs)        00000
__size_of_vfpfcnvrt                       (abs)        00000
__size_of_vfprintf                        (abs)        00000
_abs                                      text10       00A83
_atoi                                     text13       00E64
_atoi$2827                                cstackBANK0  0002E
_atoi$2828                                cstackBANK0  00032
_atoi$2829                                cstackBANK0  00030
_dbuf                                     bssBANK2     00120
_dtoa                                     text4        0035B
_dtoa$2792                                cstackBANK0  00047
_flags                                    bssCOMMON    00077
_fputc                                    text8        00C09
_fputs                                    text7        00B6C
_i2c1_fsmStateTable                       stringtext1  01000
_isdigit                                  text15       00A18
_isspace                                  text14       00AFF
_isspace$2845                             cstackBANK0  00024
_main                                     maintext     00DE0
_nout                                     bssBANK1     000E3
_pad                                      text5        00CAD
_prec                                     bssCOMMON    00075
_putch                                    text9        007FE
_rd1RegCompleteHandler                    (abs)        00000
_rd2RegCompleteHandler                    (abs)        00000
_rdBlkRegCompleteHandler                  (abs)        00000
_readTC74                                 text17       004BF
_sprintf                                  text1        00B21
_strlen                                   text6        00A4C
_timer1ReloadVal                          nvBANK1      000E9
_timerInterrupt                           text44       00B44
_vfpfcnvrt                                text3        00032
_vfpfcnvrt$2807                           cstackBANK0  0006B
_vfprintf                                 text2        00B95
_width                                    bssBANK1     000E5
_wr1RegCompleteHandler                    (abs)        00000
_wr2RegCompleteHandler                    (abs)        00000
abs@a                                     cstackBANK0  00033
atoi@n                                    cstackBANK0  00033
atoi@neg                                  cstackBANK0  0002C
atoi@s                                    cstackBANK0  00026
btemp                                     (abs)        0007E
clear_ram0                                clrtext      0095D
dtoa@d                                    cstackBANK0  0003B
dtoa@fp                                   cstackBANK0  00046
dtoa@i                                    cstackBANK0  00057
dtoa@n                                    cstackBANK0  0004F
dtoa@p                                    cstackBANK0  00049
dtoa@s                                    cstackBANK0  0004D
dtoa@w                                    cstackBANK0  0004B
end_of_initialization                     cinit        0002E
fputc@c                                   cstackBANK0  00020
fputc@fp                                  cstackBANK0  00022
fputs@c                                   cstackBANK0  0002C
fputs@fp                                  cstackBANK0  00028
fputs@i                                   cstackBANK0  0002D
fputs@s                                   cstackBANK0  0002F
int$flags                                 (abs)        0007E
intlevel0                                 functab      00000
intlevel1                                 functab      00000
intlevel2                                 functab      00000
intlevel3                                 functab      00000
intlevel4                                 functab      00000
intlevel5                                 functab      00000
isdigit@c                                 cstackBANK0  00020
isspace@c                                 cstackBANK0  00020
main@buf                                  cstackBANK1  000B4
main@c                                    cstackBANK1  000C5
pad@buf                                   cstackBANK0  00030
pad@fp                                    cstackBANK0  00038
pad@i                                     cstackBANK0  00034
pad@p                                     cstackBANK0  00031
pad@w                                     cstackBANK0  00036
readTC74@value                            cstackBANK0  00023
reset_vec                                 reset_vec    00000
sprintf@ap                                cstackBANK1  000AC
sprintf@f                                 cstackBANK1  000AD
sprintf@fmt                               cstackBANK1  000A6
sprintf@s                                 cstackBANK1  000AB
start                                     init         00018
start_initialization                      cinit        0001A
strlen@a                                  cstackBANK0  00023
strlen@s                                  cstackBANK0  00024
timerInterrupt@value                      cstackCOMMON 00073
vfpfcnvrt@ap                              cstackBANK0  0005A
vfpfcnvrt@done                            cstackBANK0  00069
vfpfcnvrt@fmt                             cstackBANK0  00059
vfpfcnvrt@fp                              cstackBANK0  0006D
vfpfcnvrt@ll                              cstackBANK0  00061
vfprintf@ap                               cstackBANK1  000A2
vfprintf@cfmt                             cstackBANK1  000A4
vfprintf@fmt                              cstackBANK1  000A0
vfprintf@fp                               cstackBANK1  000A3
wtemp0                                    (abs)        0007E


MODULE INFORMATION

Module		Function		Class		Link	Load	Size
C:\Program Files\Microchip\xc8\v2.32\pic\sources\c99\common\nf_sprintf.c
		_sprintf       		CODE           	0B21	0000	35

C:\Program Files\Microchip\xc8\v2.32\pic\sources\c99\common\nf_sprintf.c estimated size: 35

C:\Program Files\Microchip\xc8\v2.32\pic\sources\c99\common\isdigit.c
		_isdigit       		CODE           	0A18	0000	25

C:\Program Files\Microchip\xc8\v2.32\pic\sources\c99\common\isdigit.c estimated size: 25

C:\Program Files\Microchip\xc8\v2.32\pic\sources\c99\common\doprnt.c
		_vfpfcnvrt     		CODE           	0032	0000	414
		_pad           		CODE           	0CAD	0000	86
		_dtoa          		CODE           	035B	0000	356
		_vfprintf      		CODE           	0B95	0000	47

C:\Program Files\Microchip\xc8\v2.32\pic\sources\c99\common\doprnt.c estimated size: 903

mcc_generated_files/i2c1_master.c
		_I2C1_Initialize		CODE           	098E	0000	10

mcc_generated_files/i2c1_master.c estimated size: 10

mcc_generated_files/interrupt_manager.c
		_INTERRUPT_InterruptManager		CODE           	0004	0000	20

mcc_generated_files/interrupt_manager.c estimated size: 20

mcc_generated_files/pin_manager.c
		_PIN_MANAGER_Initialize		CODE           	0BC4	0000	69

mcc_generated_files/pin_manager.c estimated size: 69

I2C/i2c.c
		_ReadI2C       		CODE           	0A9F	0000	31
		_WriteI2C      		CODE           	0D03	0000	90
		_OpenI2C       		CODE           	09B0	0000	13

I2C/i2c.c estimated size: 134

C:\Program Files\Microchip\xc8\v2.32\pic\sources\c99\common\atoi.c
		_atoi          		CODE           	0E64	0000	175

C:\Program Files\Microchip\xc8\v2.32\pic\sources\c99\common\atoi.c estimated size: 175

C:\Program Files\Microchip\xc8\v2.32\pic\sources\c99\common\nf_fputs.c
		_fputs         		CODE           	0B6C	0000	41

C:\Program Files\Microchip\xc8\v2.32\pic\sources\c99\common\nf_fputs.c estimated size: 41

C:\Program Files\Microchip\xc8\v2.32\pic\sources\c99\common\putch.c
		_putch         		CODE           	07FE	0000	1

C:\Program Files\Microchip\xc8\v2.32\pic\sources\c99\common\putch.c estimated size: 1

LCD/lcd.c
		_LCDinit       		CODE           	0D5D	0000	131
		_LCDsend       		CODE           	0C5A	0000	83
		_LCDsend2x4    		CODE           	0714	0000	215
		_LCDstr        		CODE           	0A31	0000	27
		_LCDchar       		CODE           	0973	0000	9
		_LCDpos        		CODE           	0A67	0000	28
		_LCDbusy       		CODE           	09EE	0000	19
		_LCDrecv       		CODE           	01D0	0000	395
		_LCDcmd        		CODE           	0963	0000	8

LCD/lcd.c estimated size: 915

C:\Program Files\Microchip\xc8\v2.32\pic\sources\c99\common\Umul16.c
		___wmul        		CODE           	0ABE	0000	32

C:\Program Files\Microchip\xc8\v2.32\pic\sources\c99\common\Umul16.c estimated size: 32

C:\Program Files\Microchip\xc8\v2.32\pic\sources\c99\common\abs.c
		_abs           		CODE           	0A83	0000	28

C:\Program Files\Microchip\xc8\v2.32\pic\sources\c99\common\abs.c estimated size: 28

C:\Program Files\Microchip\xc8\v2.32\pic\sources\c99\common\aomod.c
		___aomod       		CODE           	0F13	0000	237

C:\Program Files\Microchip\xc8\v2.32\pic\sources\c99\common\aomod.c estimated size: 237

C:\Program Files\Microchip\xc8\v2.32\pic\sources\c99\common\isspace.c
		_isspace       		CODE           	0AFF	0000	34

C:\Program Files\Microchip\xc8\v2.32\pic\sources\c99\common\isspace.c estimated size: 34

shared
		__initialization		CODE           	001A	0000	20
		_i2c1_fsmStateTable		STRCODE        	1000	0000	32

shared estimated size: 52

mcc_generated_files/mcc.c
		_PMD_Initialize		CODE           	096B	0000	8
		_OSCILLATOR_Initialize		CODE           	097C	0000	9
		_SYSTEM_Initialize		CODE           	07EB	0000	19

mcc_generated_files/mcc.c estimated size: 36

mcc_generated_files/tmr1.c
		_TMR1_Initialize		CODE           	0ADE	0000	33
		_TMR1_SetInterruptHandler		CODE           	0985	0000	9
		_TMR1_DefaultInterruptHandler		CODE           	07FF	0000	1
		_TMR1_CallBack 		CODE           	09A3	0000	13
		_TMR1_WriteTimer		CODE           	09CB	0000	17
		_TMR1_ISR      		CODE           	09BD	0000	14

mcc_generated_files/tmr1.c estimated size: 87

C:\Program Files\Microchip\xc8\v2.32\pic\sources\c99\common\nf_fputc.c
		_fputc         		CODE           	0C09	0000	81

C:\Program Files\Microchip\xc8\v2.32\pic\sources\c99\common\nf_fputc.c estimated size: 81

mcc_generated_files/adcc.c
		_ADCC_GetSingleConversion		CODE           	09DC	0000	18
		_ADCC_Initialize		CODE           	0A01	0000	23

mcc_generated_files/adcc.c estimated size: 41

C:\Program Files\Microchip\xc8\v2.32\pic\sources\c99\common\aodiv.c
		___aodiv       		CODE           	060F	0000	261

C:\Program Files\Microchip\xc8\v2.32\pic\sources\c99\common\aodiv.c estimated size: 261

main.c
		_S1            		CODE           	0998	0000	11
		_main          		CODE           	0DE0	0000	132
		_readTC74      		CODE           	04BF	0000	336
		_timerInterrupt		CODE           	0B44	0000	40

main.c estimated size: 519

C:\Program Files\Microchip\xc8\v2.32\pic\sources\c99\common\strlen.c
		_strlen        		CODE           	0A4C	0000	27

C:\Program Files\Microchip\xc8\v2.32\pic\sources\c99\common\strlen.c estimated size: 27

